[ns_doctor:debug,2025-03-28T10:13:37.283Z,ns_1@cb.local:ns_doctor<0.698.0>:ns_doctor:handle_info:187]Got initial status:
[{'ns_1@cb.local',
     [{last_heard,-576460726069780180},
      {now,-576460726117980666},
      {active_buckets,[]},
      {ready_buckets,[]},
      {status_latency,47},
      {outgoing_replications_safeness_level,[]},
      {incoming_replications_conf_hashes,[]},
      {meminfo,
          <<"MemTotal:        3901048 kB\nMemFree:          132896 kB\nMemAvailable:    2743068 kB\nBuffers:          305836 kB\nCached:          1927528 kB\nSwapCached:            0 kB\nActive:           723744 kB\nInactive:        2163772 kB\nActive(anon):       2152 kB\nInactive(anon):   688388 kB\nActive(file):     721592 kB\nInactive(file):  1475384 kB\nUnevictable:           0 kB\nMlocked:               0 kB\nSwapTotal:       1048576 kB\nSwapFree:        1048576 kB\nDirty:                36 kB\nWriteback:             0 kB\nAnonPages:        601940 kB\nMapped:           351028 kB\nShmem:             36388 kB\nKReclaimable:     607484 kB\nSlab:             670116 kB\nSReclaimable:     607484 kB\nSUnreclaim:        62632 kB\nKernelStack:        6592 kB\nPageTables:         6444 kB\nNFS_Unstable:          0 kB\nBounce:                0 kB\nWritebackTmp:          0 kB\nCommitLimit:     2999100 kB\nCommitted_AS:    1957444 kB\nVmallocTotal:   34359738367 kB\nVmallocUsed:       28016 kB\nVmallocChunk:          0 kB\nPercpu:             1856 kB\nAnonHugePages:    329728 kB\nShmemHugePages:        0 kB\nShmemPmdMapped:        0 kB\nFileHugePages:         0 kB\nFilePmdMapped:         0 kB\nHugePages_Total:       0\nHugePages_Free:        0\nHugePages_Rsvd:        0\nHugePages_Surp:        0\nHugepagesize:       2048 kB\nHugetlb:               0 kB\nDirectMap4k:       62464 kB\nDirectMap2M:     3948544 kB\nDirectMap1G:     8388608 kB\n">>},
      {loadavg,<<"1.46 1.27 0.97 3/409 339\n">>},
      {cpu_pressure,{error,enoent}},
      {memory_pressure,{error,enoent}},
      {io_pressure,{error,enoent}},
      {local_tasks,[]},
      {memory,
          [{total,67220224},
           {processes,21648568},
           {processes_used,21637816},
           {system,45571656},
           {atom,1040649},
           {atom_used,1030850},
           {binary,849944},
           {code,18322718},
           {ets,3157904}]},
      {cpu_count,4},
      {system_memory_data,
          [{available_memory,2808901632},
           {buffered_memory,313176064},
           {cached_memory,2595852288},
           {free_memory,136085504},
           {free_swap,1073741824},
           {system_total_memory,3994673152},
           {total_memory,3994673152},
           {total_swap,1073741824}]},
      {node_storage_conf,
          [{db_path,"/opt/couchbase/var/lib/couchbase/data"},
           {index_path,"/opt/couchbase/var/lib/couchbase/data"}]},
      {statistics,
          [{wall_clock,{25928,54}},
           {context_switches,{103114,0}},
           {garbage_collection,{17083,474522064,0}},
           {io,{{input,40796},{output,50517}}},
           {reductions,{236380779,137536}},
           {run_queue,0},
           {runtime,{12606,54}},
           {run_queues,{0,0,0,0,0,0}}]},
      {system_stats,
          [{cpu_utilization_rate,0},
           {cpu_stolen_rate,0},
           {swap_total,0},
           {swap_used,0},
           {mem_total,0},
           {mem_free,0},
           {mem_limit,0},
           {cpu_cores_available,0},
           {allocstall,0}]},
      {interesting_stats,[]},
      {per_bucket_interesting_stats,[]},
      {processes_stats,[]},
      {version,
          [{chronicle,"0.0.1"},
           {stdlib,"4.3.1.2"},
           {ns_server,"7.6.5-5704-enterprise"},
           {inets,"8.3.1.2"},
           {public_key,"1.13.3.1"},
           {crypto,"5.1.4.1"},
           {asn1,"5.0.21"},
           {ssl,"10.9.1.2"},
           {sasl,"4.2"},
           {ale,"0.0.0"},
           {esaml,"4.4.0"},
           {os_mon,"2.8.2"},
           {xmerl,"1.3.31.1"},
           {lhttpc,"1.3.0"},
           {kernel,"8.5.4.2"}]},
      {supported_compat_version,[7,6]},
      {advertised_version,[7,6,0]},
      {system_arch,"x86_64-pc-linux-gnu"},
      {wall_clock,25},
      {memory_data,{3994673152,3674202112,{<0.10.0>,515072}}},
      {disk_data,
          [{"/",1055762868,3},
           {"/dev",65536,0},
           {"/sys/fs/cgroup",1950524,0},
           {"/dev/shm",65536,0},
           {"/etc/resolv.conf",1055762868,3},
           {"/etc/hostname",1055762868,3},
           {"/etc/hosts",1055762868,3},
           {"/proc/acpi",1950524,0},
           {"/proc/kcore",65536,0},
           {"/proc/keys",65536,0},
           {"/proc/timer_list",65536,0},
           {"/sys/firmware",1950524,0}]}]}]
[ns_doctor:debug,2025-03-28T10:14:36.746Z,ns_1@cb.local:ns_doctor<0.698.0>:ns_doctor:handle_info:191]Current node statuses:
[{'ns_1@cb.local',
     [{last_heard,-576460670405323605},
      {now,-576460670478867616},
      {active_buckets,[]},
      {ready_buckets,[]},
      {status_latency,73},
      {outgoing_replications_safeness_level,[]},
      {incoming_replications_conf_hashes,[]},
      {meminfo,
          <<"MemTotal:        3901048 kB\nMemFree:          156820 kB\nMemAvailable:    2714428 kB\nBuffers:          304636 kB\nCached:          1875880 kB\nSwapCached:            0 kB\nActive:           747120 kB\nInactive:        2121280 kB\nActive(anon):       2264 kB\nInactive(anon):   723676 kB\nActive(file):     744856 kB\nInactive(file):  1397604 kB\nUnevictable:           0 kB\nMlocked:               0 kB\nSwapTotal:       1048576 kB\nSwapFree:        1048308 kB\nDirty:               280 kB\nWriteback:             0 kB\nAnonPages:        659812 kB\nMapped:           402200 kB\nShmem:             38192 kB\nKReclaimable:     609436 kB\nSlab:             673864 kB\nSReclaimable:     609436 kB\nSUnreclaim:        64428 kB\nKernelStack:        8024 kB\nPageTables:         8076 kB\nNFS_Unstable:          0 kB\nBounce:                0 kB\nWritebackTmp:          0 kB\nCommitLimit:     2999100 kB\nCommitted_AS:    2530688 kB\nVmallocTotal:   34359738367 kB\nVmallocUsed:       29488 kB\nVmallocChunk:          0 kB\nPercpu:             1856 kB\nAnonHugePages:    374784 kB\nShmemHugePages:        0 kB\nShmemPmdMapped:        0 kB\nFileHugePages:         0 kB\nFilePmdMapped:         0 kB\nHugePages_Total:       0\nHugePages_Free:        0\nHugePages_Rsvd:        0\nHugePages_Surp:        0\nHugepagesize:       2048 kB\nHugetlb:               0 kB\nDirectMap4k:       62464 kB\nDirectMap2M:     3948544 kB\nDirectMap1G:     8388608 kB\n">>},
      {loadavg,<<"1.19 1.28 1.00 3/495 405\n">>},
      {cpu_pressure,{error,enoent}},
      {memory_pressure,{error,enoent}},
      {io_pressure,{error,enoent}},
      {local_tasks,[]},
      {memory,
          [{total,75893712},
           {processes,27289456},
           {processes_used,27271912},
           {system,48604256},
           {atom,1130777},
           {atom_used,1117957},
           {binary,1237264},
           {code,19860062},
           {ets,3374032}]},
      {cpu_count,4},
      {system_memory_data,
          [{available_memory,2779316224},
           {buffered_memory,311947264},
           {cached_memory,2544963584},
           {free_memory,160325632},
           {free_swap,1073467392},
           {system_total_memory,3994673152},
           {total_memory,3994673152},
           {total_swap,1073741824}]},
      {node_storage_conf,
          [{db_path,"/opt/couchbase/var/lib/couchbase/data"},
           {index_path,"/opt/couchbase/var/lib/couchbase/data"}]},
      {statistics,
          [{wall_clock,{81593,5074}},
           {context_switches,{132657,0}},
           {garbage_collection,{21731,485165500,0}},
           {io,{{input,296341},{output,241921}}},
           {reductions,{242405494,148902}},
           {run_queue,0},
           {runtime,{14719,55}},
           {run_queues,{0,0,0,0,0,0}}]},
      {system_stats,
          [{cpu_utilization_rate,11.307261452287548},
           {cpu_stolen_rate,0},
           {swap_total,1073741824},
           {swap_used,274432},
           {mem_total,3994673152},
           {mem_free,2770210816},
           {mem_limit,3994673152},
           {cpu_cores_available,4},
           {allocstall,2}]},
      {interesting_stats,[]},
      {per_bucket_interesting_stats,[]},
      {processes_stats,
          [{babysitter,
               [{cpu_utilization,0.10002000400080024},
                {major_faults_raw,2020},
                {mem_resident,78274560},
                {mem_size,3266240512}]},
           {couchdb,
               [{cpu_utilization,0.30006001200239857},
                {major_faults_raw,2644},
                {mem_resident,103841792},
                {mem_size,2912960512}]},
           {erl_child_setup,
               [{cpu_utilization,0},
                {major_faults_raw,0},
                {mem_resident,3592192},
                {mem_size,9424896}]},
           {godu,
               [{cpu_utilization,0},
                {major_faults_raw,0},
                {mem_resident,5922816},
                {mem_size,2510372864}]},
           {goport,
               [{cpu_utilization,0},
                {major_faults_raw,0},
                {mem_resident,10924032},
                {mem_size,2512207872}]},
           {gosecrets,
               [{cpu_utilization,0},
                {major_faults_raw,0},
                {mem_resident,3031040},
                {mem_size,1255981056}]},
           {goxdcr,
               [{cpu_utilization,0.5001000200040006},
                {major_faults_raw,0},
                {mem_resident,48775168},
                {mem_size,1889566720}]},
           {memcached,
               [{cpu_utilization,0.3000600120024002},
                {major_faults_raw,0},
                {mem_resident,43237376},
                {mem_size,2239213568}]},
           {ns_server,
               [{cpu_utilization,1.8003600720144046},
                {major_faults_raw,4020},
                {mem_resident,134758400},
                {mem_size,3345661952}]},
           {prometheus,
               [{cpu_utilization,0.8001600320064013},
                {major_faults_raw,18},
                {mem_resident,69050368},
                {mem_size,1343774720}]},
           {'saslauthd-port',
               [{cpu_utilization,0},
                {major_faults_raw,0},
                {mem_resident,9416704},
                {mem_size,1641279488}]},
           {sigar_port,
               [{cpu_utilization,0},
                {major_faults_raw,0},
                {mem_resident,15495168},
                {mem_size,34209792}]}]},
      {version,
          [{chronicle,"0.0.1"},
           {stdlib,"4.3.1.2"},
           {ns_server,"7.6.5-5704-enterprise"},
           {inets,"8.3.1.2"},
           {public_key,"1.13.3.1"},
           {crypto,"5.1.4.1"},
           {asn1,"5.0.21"},
           {ssl,"10.9.1.2"},
           {sasl,"4.2"},
           {ale,"0.0.0"},
           {esaml,"4.4.0"},
           {os_mon,"2.8.2"},
           {xmerl,"1.3.31.1"},
           {lhttpc,"1.3.0"},
           {kernel,"8.5.4.2"}]},
      {supported_compat_version,[7,6]},
      {advertised_version,[7,6,0]},
      {system_arch,"x86_64-pc-linux-gnu"},
      {wall_clock,81},
      {memory_data,{3994673152,3846713344,{<0.281.0>,3147928}}},
      {disk_data,
          [{"/",1055762868,3},
           {"/dev",65536,0},
           {"/sys/fs/cgroup",1950524,0},
           {"/dev/shm",65536,0},
           {"/etc/resolv.conf",1055762868,3},
           {"/etc/hostname",1055762868,3},
           {"/etc/hosts",1055762868,3},
           {"/proc/acpi",1950524,0},
           {"/proc/kcore",65536,0},
           {"/proc/keys",65536,0},
           {"/proc/timer_list",65536,0},
           {"/sys/firmware",1950524,0}]}]}]
